// Jest Snapshot v1, https://goo.gl/fbAQLP

exports[`IncomingBox renders empty state 1`] = `
<div
  className="m-incoming-box"
/>
`;
