// Jest Snapshot v1, https://goo.gl/fbAQLP

exports[`SearchPage renders 1`] = `
<div
  className="c-page"
>
  Search
</div>
`;
